// Jest Snapshot v1, https://goo.gl/fbAQLP

exports[`should render ExpenseListItem with expense 1`] = `
<Link
  className="list-item"
  replace={false}
  to="/edit/a"
>
  <div>
    <h3
      className="list-item-title"
    >
      Gum
    </h3>
    <p
      className="list-item-date"
    >
      January 1st, 1970
    </p>
  </div>
  <h3
    className="list-item-amount"
  >
    Â£1.95
  </h3>
</Link>
`;
