// Jest Snapshot v1, https://goo.gl/fbAQLP

exports[`should render correctly 1`] = `
<div>
  <p>
    This is from the help component
  </p>
</div>
`;
